<!DOCTYPE html>
<html lang="en">
<head>
  <meta charset="UTF-8">
  <meta name="viewport" content="width=device-width, initial-scale=1.0">
  <meta http-equiv="X-UA-Compatible" content="ie=edge">
  <title>FullOO.info</title>
  <link rel="stylesheet" href="/CSS/chota.min.css?glxzhr">
  <link rel="stylesheet" href="/CSS/fulloo.css?1l3yxcu">
  <!-- build:styles -->
</head>
<body>
  <nav class="nav hide-pr" id="tabs">
    <div class="nav-center">
      <a href="/">Home</a>
      <a href="/Introduction/">Introduction</a>
      <a href="/FAQ/">FAQ</a>
      <a href="/Documents/">Documents</a>
      <a href="/Examples/">Examples</a>
      <a href="/Downloads/">Downloads</a>
      <a href="/Events/">Events</a>
      <a href="/oowiki.php">Wiki</a>
    </div>
  </nav>

  <main class="container">
    
<H1 class="text-center">Introduction</H1>

<p>Want a quick introduction to DCI? First, it stands for
<i>D</i>ata, <i>C</i>ontext and <i>I</i>nteraction.
Those are the three fundamental elements of the DCI paradigm.</p>

<p>You can get a good start at the Wikipedia DCI site:
<ul>
<li><a href="http://en.wikipedia.org/wiki/Data,_Context_and_Interaction">http://en.wikipedia.org/wiki/Data,_Context_and_Interaction</a></li>
</ul>
If you want an even more laid-back introduction, have a look at these flicks:
<ul>
<li><a href="http://www.leansoftwarearchitecture.com/home/dci-tutorials">The
DCI Architecture: Supporting the Agile Agenda</a>, by Jim Coplien </li>
<li><a href="http://www.leansoftwarearchitecture.com/home/dci-tutorials">DCI
in Practice</a>, by Rickard &Ouml;berg.
<li><a href="http://www.leansoftwarearchitecture.com/home/dci-tutorials">DCI:
Re-thinking the foundations of object-orientation and of programming</a>, by Trygve Reenskaug.
<li>
<a href="https://www.youtube.com/watch?v=lQQ_CahFVzw">A taste of <b>trygve</b></a>.
Keynote at ACCU 2016,
20 April 2016, by Jim Coplien.
</ul>

<p>Otherwise, please browse the site.
There are <a href="/Documents/">documents</a>,
<a href="/Examples/">examples</a>,
and many more goodies
to look at.</p>

<p>If you want to get involved, to to
<a href="http://groups.google.com">Google Groups</a>
and sign up for the
<a href="http://groups.google.com/group/object-composition">object-composition</a> mailing list.
That's where the DCI people hang out to ask questions and discuss progress.</p>

  </main>
  
  <script src="/js/highlight.min.js"></script>
  <script>
    // Navigation highlight
    const current = document.location.pathname
    document.querySelectorAll('#tabs a').forEach(a => {
      const tab = new URL(a.href).pathname

      if(tab == current) {
        a.classList.add('active')
      }
    })
    
    // Dev reloading script
    if (["localhost", "127.0.0.1", ""].indexOf(location.hostname) != -1)
    document.write('<script src="/js/live.js"></' + 'script>')
  </script>    
</body>
</html>
