<!DOCTYPE html>
<html lang="en">
<head>
  <meta charset="UTF-8">
  <meta name="viewport" content="width=device-width, initial-scale=1.0">
  <meta http-equiv="X-UA-Compatible" content="ie=edge">
  <title>FullOO Home Page</title>
  <link rel="stylesheet" href="/CSS/chota.min.css?glxzhr">
  <link rel="stylesheet" href="/CSS/fulloo.css?1l3yxcu">
  <!-- build:styles -->
</head>
<body>
  <nav class="nav hide-pr" id="tabs">
    <div class="nav-center">
      <a href="/">Home</a>
      <a href="/Introduction/">Introduction</a>
      <a href="/FAQ/">FAQ</a>
      <a href="/Documents/">Documents</a>
      <a href="/Examples/">Examples</a>
      <a href="/Downloads/">Downloads</a>
      <a href="/Events/">Events</a>
      <a href="/oowiki.php">Wiki</a>
    </div>
  </nav>

  <main class="container">
    
<h1 class="text-center"><strong>DCI - Data Context Interaction</strong></h1>
<h2 class="text-center">A New Role-Based Paradigm for specifying collaborating objects</h2>
<hr />
<p>The essence of object orientation is that networks of collaborating objects work
  together to achieve a common goal. The common sense of object oriented
  programming should reflect this essence with code that specifies how the objects collaborate.
  Our industry has, unfortunately, chosen differently and code is commonly written in terms of
  classes. A class tells us everything about the properties of the individual objects that are its
  instances. It does not tell us anything about how these instances work together to achieve the system
  behavior.</p>
<p>The result is that our code does not reveal everything about how a system will work. This is
  clearly not satisfactory, and we need a new paradigm as the foundation for more expressive
  code. The DCI (Data-Context-Interaction) is such a paradigm. DCI separates a
  program into different perspectives where each perspective focuses on certain system
  properties. Code in the <em>Data</em> perspective specifies how information is represented by stand-alone objects.
  Code in the <em>Context</em> perspective specifies runtime networks of interconnected objects as  similar structures of interconnected <em>roles</em>. Code
  in the <em>Interaction</em> perspective specifies how the networked objects collaborate to achieve the
system behavior. </p>
<p>Trygve Reenskaug is the originator of DCI.  Jim Coplien is its leading contributor and prime mover in the advancing DCI from early theory to accepted practice. </p>
<p>Trygve's home pages are at <a href="https://folk.universitetetioslo.no/trygver/">https://folk.universitetetioslo.no/trygver/</a> with information about his new project: <a href="https://folk.universitetetioslo.no/trygver/themes/Personal/pp-index.html">https://folk.universitetetioslo.no/trygver/themes/Personal/pp-index.html</a>.</p>
<p>Jim's DCI pages are at <a href="http://www.gertrudandcope.com">http://www.gertrudandcope.com</a> and <a href="http://www.leansoftwarearchitecture.com">http://www.leansoftwarearchitecture.com</a>.</p>
<p>Also see the DCI mailing list <a href="https://groups.google.com/forum/#!forum/object-composition">object-composition</a>.</p>

<p>There is a <a href="/doku.php?id=FAQ">FAQ</a> for frequently asked questions.</p>

  </main>
  
  <script src="/js/highlight.min.js"></script>
  <script>
    // Navigation highlight
    const current = document.location.pathname
    document.querySelectorAll('#tabs a').forEach(a => {
      const tab = new URL(a.href).pathname

      if(tab == current) {
        a.classList.add('active')
      }
    })
  </script>    
</body>
</html>
