<!DOCTYPE html>
<html lang="en">
<head>
  <meta charset="UTF-8">
  <meta name="viewport" content="width=device-width, initial-scale=1.0">
  <meta http-equiv="X-UA-Compatible" content="ie=edge">
  <title>FullOO.info</title>
  <link rel="stylesheet" href="/CSS/papercolor-light.min.css?13kw3a6">
  <link rel="stylesheet" href="/CSS/fulloo.css?1l3yxcu">
  <!-- build:styles -->
</head>
<body>
  <nav class="nav hide-pr" id="tabs">
    <div class="nav-center">
      <a href="/">Home</a>
      <a href="/Introduction/">Introduction</a>
      <a href="/FAQ/">FAQ</a>
      <a href="/Documents/">Documents</a>
      <a href="/Examples/">Examples</a>
      <a href="/Downloads/">Downloads</a>
      <a href="/Events/">Events</a>
      <a href="/oowiki.php">Wiki</a>
    </div>
  </nav>

  <main class="container">
    
<h1 class="text-center">Examples written in trygve</h1>
<p>These are source code for examples written in the trygve compiler.</p>
<a href="access1.html">access1.k</a><br>
<a href="arraydup.html">arraydup.k</a><br>
<a href="arrayindexincrement.html">arrayindexincrement.k</a><br>
<a href="assignchain.html">assignchain.k</a><br>
<a href="basectortest.html">basectortest.k</a><br>
<a href="bug1.html">bug1.k</a><br>
<a href="ctor1.html">ctor1.k</a><br>
<a href="exprtest.html">exprtest.k</a><br>
<a href="fact.html">fact.k</a><br>
<a href="firstarg.html">firstarg.k</a><br>
<a href="for1.html">for1.k</a><br>
<a href="forloop1.html">forloop1.k</a><br>
<a href="forloop2.html">forloop2.k</a><br>
<a href="forloop3.html">forloop3.k</a><br>
<a href="inheritance.html">inheritance.k</a><br>
<a href="inheritance2.html">inheritance2.k</a><br>
<a href="inheritance3.html">inheritance3.k</a><br>
<a href="inheritance4.html">inheritance4.k</a><br>
<a href="inheritance5.html">inheritance5.k</a><br>
<a href="inhertest.html">inhertest.k</a><br>
<a href="interface1.html">interface1.k</a><br>
<a href="interface2.html">interface2.k</a><br>
<a href="interface3.html">interface3.k</a><br>
<a href="quadratic1.html">quadratic1.k</a><br>
<a href="rightAssociativeSum1.html">rightAssociativeSum1.k</a><br>
<a href="rightAssociativeSum2.html">rightAssociativeSum2.k</a><br>
<a href="roleclass1.html">roleclass1.k</a><br>
<a href="roleclass2.html">roleclass2.k</a><br>
<a href="roleplaytest.html">roleplaytest.k</a><br>
<a href="roleplaytest2.html">roleplaytest2.k</a><br>
<a href="roleplaytest3.html">roleplaytest3.k</a><br>
<a href="roletest.html">roletest.k</a><br>
<a href="roletest2.html">roletest2.k</a><br>
<a href="roletest3.html">roletest3.k</a><br>
<a href="roletest4.html">roletest4.k</a><br>
<a href="roletest5.html">roletest5.k</a><br>
<a href="rolevec1.html">rolevec1.k</a><br>
<a href="simplearray.html">simplearray.k</a><br>
<a href="simpleincrement.html">simpleincrement.k</a><br>
<a href="simplemain.html">simplemain.k</a><br>
<a href="simpleprintchain.html">simpleprintchain.k</a><br>
<a href="simplestring1.html">simplestring1.k</a><br>
<a href="simpletemplate.html">simpletemplate.k</a><br>
<a href="sqrt.html">sqrt.k</a><br>
<a href="starttest.html">starttest.k</a><br>
<a href="switchtest.html">switchtest.k</a><br>
<a href="thisqualbug1.html">thisqualbug1.k</a><br>
<a href="trivialprint.html">trivialprint.k</a><br>
<a href="trygve1.html">trygve1.k</a><br>
<a href="trygve2.html">trygve2.k</a><br>
<a href="trygve3.html">trygve3.k</a><br>
<a href="unaryop1.html">unaryop1.k</a><br>
<a href="whiletest.html">whiletest.k</a><br><br>

  </main>
  
  <script src="/js/highlight.min.js"></script>
  <script>
    // Navigation highlight
    const current = document.location.pathname
    document.querySelectorAll('#tabs a').forEach(a => {
      const tab = new URL(a.href).pathname

      if(tab == current) {
        a.classList.add('active')
      }
    })
    
    hljs.highlightAll()

    // Dev reloading script
    if (["localhost", "127.0.0.1", ""].indexOf(location.hostname) != -1)
    document.write('<script src="/js/live.js"></' + 'script>')
  </script>    
</body>
</html>
